border_size=1
usage=map

Mm^Xm       , Gg          , Mm^Xm       , Gg          , Mm^Xm       , Gg          , Mm^Xm       , Gg          , Mm^Xm       , Gg          , Mm^Xm       , Gg          , Mm^Xm       , Hh^Fp       , Hh^Fp       , Hh^Fp       , Ss          , Ss          , Ss          , Ss          , Hh^Fp       , Gg          , Mm^Xm       , Gg          , Mm^Xm       , Gg          , Mm^Xm       , Gg          , Mm^Xm       , Mm^Xm       , Mm^Xm       , Mm^Xm       , Mm^Xm       , Mm^Xm       , Mm^Xm       , Mm^Xm       
Mm^Xm       , Mm^Xm       , Mm^Xm       , Mm^Xm       , Mm^Xm       , Mm^Xm       , Hh^Fp       , Hh^Fp       , Gs^Fp       , Mm^Xm       , Hh^Fp       , Mm^Xm       , Gs^Fp       , Hh^Fp       , Gs^Fp       , Ss          , Ss          , Ss          , Ss          , Ss          , Hh^Fp       , Mm^Xm       , Mm^Xm       , Mm^Xm       , Mm^Xm       , Mm^Xm       , Mm^Xm       , Mm^Xm       , Mm^Xm       , Mm^Xm       , Mm^Xm       , Mm^Xm       , Mm^Xm       , Mm^Xm       , Mm^Xm       , Mm^Xm       
Mm^Xm       , Mm^Xm       , Mm^Xm       , Mm^Xm       , Mm^Xm       , Mm          , Gs^Fp       , Gs^Fp       , Re^Gvs      , Gs^Fp       , Gs^Fp       , Gs^Fp       , Rp          , Gs^Fp       , Re          , Ss          , Ss^Bw/      , Ss^Vm       , Ss          , Ss          , Gs^Fp       , Hh^Fp       , Gs^Fp       , Hh^Fp       , Hh^Fp       , Mm^Xm       , Mm^Xm       , Mm^Xm       , Mm^Xm       , Mm^Xm       , Mm^Xm       , Mm^Xm       , Mm^Xm       , Mm^Xm       , Mm^Xm       , Mm^Xm       
Mm^Xm       , Mm^Xm       , Mm^Xm       , Mm^Xm       , Mm          , Gs^Fp       , Gs^Fp       , Gg^Vh       , Re^Gvs      , Re^Gvs      , Rp          , Rp          , Chr         , Rp          , Rp          , Ss^Bw/      , Ss          , Ss          , Ss          , Ss          , Hh          , Hh          , Hh^Fp       , Ss          , Hh^Fp       , Mm^Xm       , Mm^Xm       , Mm^Xm       , Mm^Xm       , Mm^Xm       , Mm^Xm       , Mm^Xm       , Mm^Xm       , Mm^Xm       , Mm^Xm       , Mm^Xm       
Mm^Xm       , Mm^Xm       , Hh^Fp       , Mm^Xm       , Hh^Fp       , Gs^Fp       , Re^Gvs      , Re^Gvs      , Rp          , Rp          , Chr         , Chr         , Hh          , Chw         , Chw         , 2 Khw       , Wwf         , Ss          , Ss          , Ss          , Ggf         , Gs^Fp       , Ss          , Ss          , Hh          , Mm          , Mm^Xm       , Mm^Xm       , Mm          , Mm^Xm       , Mm^Xm       , Mm^Xm       , Mm^Xm       , Mm^Xm       , Mm^Xm       , Mm^Xm       
Hh^Fp       , Hh^Fp       , Gs^Fp       , Mm          , Gg          , Hh^Fp       , Gg          , Gg          , Rp          , Chr         , Ww          , Ww          , Ww          , Gg          , Gs^Fp       , Wwf         , Wwf         , Wwf         , Wwf         , Ss          , Gg          , Ggf         , Gg          , Gs^Fp       , Gs^Fp       , Hh^Fp       , Mm^Xm       , Mm^Xm       , Hh          , Gs^Fp       , Ss          , Mm^Xm       , Mm^Xm       , Mm^Xm       , Mm^Xm       , Mm^Xm       
Gs^Fp       , Gs^Fp       , Ggf         , Gg          , Ggf         , Gg          , Rp          , Rp          , Wwf         , Ww          , Wo          , Wo          , Wo          , Wwr         , Ww          , Wwf         , Ww          , Wwf         , Wwf         , Gg          , Gg^Vo       , Gg          , Ggf         , Gg          , Hh          , Hh^Fp       , Hh^Fp       , Mm          , Re          , Gs^Fp       , Ss          , Hh          , Mm          , Mm^Xm       , Mm^Xm       , Mm^Xm       
Ss          , Gg          , Gg^Vo       , Gg          , Re          , Rp          , Hh          , Wwf         , Wwf         , Wo          , Wwr         , Xu          , Uu^Uf       , Wo          , Wwr         , Ww          , Wo          , Ww          , Ww          , Gg          , Gg          , Re          , Gg          , Gg          , Co          , Ko          , Hh          , Re          , Gs^Fp       , Ss^Vhs      , Ss          , Re          , Hh          , Mm^Xm       , Mm^Xm       , Mm^Xm       
Gs^Fp       , Gg          , Gg          , Gg          , Rp          , Rp          , Gg          , Wwf         , Wwr         , Wo          , Xu          , Uh          , Xu          , Cud         , Uu^Uf       , Wwf         , Uu^Uf       , Wo          , Wo          , Ww          , Ww          , Gg          , Gg          , Hh          , Rp          , Co          , Co          , Re          , Co          , Gs^Fp       , Hh          , Gs^Fp       , Gs^Fp       , Mm          , Hh          , Mm^Xm       
Chr         , Ggf         , Rp          , Rp          , Hh          , Gg          , Gg          , Ss^Vhs      , Wwf         , Ww          , Wo          , Xu          , Xu          , Xu          , Uu          , Uh          , Xu          , Wwf         , Wwr         , Wo          , Ww          , Ww          , Gg          , Rd          , Rp          , Hh          , Re          , Co          , Gg          , Gg          , Ggf         , Hh          , Gg          , Hh^Fp       , Gs^Fp       , Mm          
Rp          , Rp          , Ggf         , Re          , Re          , Gs^Fp       , Gg          , Gg          , Gg          , Ww          , Ww          , Wo          , Wo          , Wwr         , Xu          , Xu          , Ww          , Uu^Uf       , Xu          , Wo          , Wo          , Ww          , Rp          , Rp          , Ggf         , Ggf         , Gg          , Hh          , Gg          , Hh          , Hh          , Gg          , Gg          , Hh^Vo       , Gs^Fp       , Hh^Fp       
Gs^Fp       , Chr         , Gg          , Gg          , Re          , Hh^Fp       , Gg          , Gg          , Gg          , Hh^Fp       , Gs^Fp       , Ww          , Ww          , Wo          , Xu          , Ww          , Uu^Uf       , Uu          , Xu          , Wo          , Wo^Bw/      , Ww^Bw/      , Wwf         , Gg          , Gg          , Gg          , Aa          , Gg          , Ggf         , Gg          , Gs^Fp       , Hh^Fp       , Gg          , Gg          , Hh          , Gs^Fp       
Hh          , Gs^Fp       , Gg          , Ggf         , Re          , Hh          , Gg          , Ggf         , Ggf         , Gg          , Gg          , Hh          , Wwf         , Ww          , Ww          , Wo          , Wo          , Wwf         , Ww^Bw/      , Ww^Bw/      , Wwr         , Wwf         , Wwf         , Ss^Vhs      , Gg          , Ggf         , Ha^Fpa      , Aa          , Ggf         , Gg          , Gg          , Hh          , Gg          , Ggf         , Gg          , Hh          
Hh          , Hh          , Hh^Fp       , Gg          , Gg          , Re          , Hh^Uf       , Gg          , Gg          , Gg          , Gg^Vo       , Wwf         , Gg          , Ggf         , Wwf         , Ww          , Ww^Bw/      , Wo^Bw/      , Rr          , Rr          , Aa^Fpa      , Wo          , Wwf         , Wwr         , Gg          , Ggf         , Ms          , Re          , Gg          , Ggf         , Rd          , Gg          , Gg          , Ggf         , Ggf         , Gg          
Gg          , Rd          , Gg          , Hh^Vo       , Gg          , Re          , Mm^Xm       , Mm^Xm       , Gg          , Gg          , Re^Uf       , Hh          , Re^Gvs      , Gg          , Rp          , Wwf^Bw/     , Wwf         , Wwr         , Ha          , Cud         , Xu          , Uu^Uf       , Wwf         , Wwf         , Wwf         , Ggf         , Re^Uf       , Aa^Fpa      , Gg          , Gg          , Gg          , Gg^Vo       , Re          , Gg          , Rp          , Rp          
Gg          , Ggf         , Gg          , Gg          , Gg          , Re          , Gs^Fp       , Hh          , Gg          , Gg          , Re^Gvs      , Re^Gvs      , Re^Gvs      , Re^Gvs      , Rp          , Wwf         , Gs^Fp       , Wwf         , Wwf         , Ur          , Uu          , Xu          , Xu          , Wwf         , Wwf         , Wwf         , Gg          , Gg          , Gg          , Gg          , Re          , Re          , Re^Gvs      , Re          , Rp          , Hh          
Hh          , Gg          , Gs^Fp       , Gg          , Gg          , Co          , Gg          , Gg          , Gg          , Gg          , Aa^Fpa      , Re^Gvs      , Gg^Wm       , Re^Gvs      , Rp          , Wwf         , Wwf         , Wo          , Uu^Fdw      , Uu          , Wwf         , Kud         , Uu^Fdw      , Uu^Uf       , Ww          , Wwf         , Ggf         , Gg          , Hh^Uf       , Hh          , Ha^Fpa      , Re^Gvs      , Re^Gvs      , Re^Gvs      , Rp          , Hh          
Mm          , Hh          , Rp          , Gg          , Ggf         , Re          , Gg          , Ggf         , Ha^Fpa      , Mm^Xm       , Ms          , Hh          , Hh^Uf       , Re^Gvs      , Rp          , Wwf         , Chw         , Uu^Uf       , Xu          , Kud         , Uu          , Uu          , Wwf         , Wo          , Ww          , Wwf         , Ggf         , Hh^Fp       , Ha          , Mm^Xm       , Hh^Uf       , Dd^Dc       , Re^Gvs      , Re^Gvs      , Rp          , Mm          
Mm          , Co          , Rp          , Gg          , Ds          , Re          , Ggf         , Gg          , Rd          , Mm^Xm       , Ha          , Gs^Fp       , Re^Gvs      , Re^Gvs      , Rp          , Wwf         , Ww          , Wwf         , Uu^Uf       , Xu          , Xu          , Ur          , Wwf         , Wwf         , Wwf         , Wwf         , Gg          , Gg          , Gg          , Gs^Fp       , Gg          , Re          , Re          , Re^Gvs      , Rp          , Mm          
Mm          , Mm          , Hh          , Hh^Uf       , Re          , Re          , Gg          , Gg          , Gg          , Gg          , Gg          , Re^Gvs      , Re^Gvs      , Re^Gvs      , Gg          , Rp          , Ww^Bw\      , Ww          , Wwr         , Aa^Fpa      , Cud         , Ur          , Wwf         , Gs^Fp       , Wwf         , Wwf         , Gg          , Gg          , Gg          , Gg          , Ggf         , Gg          , Gs^Fp       , Re          , Rp          , Hh          
Hh          , Gs^Fp       , Gg          , Gg          , Re          , Gg          , Gs^Fp       , Mm          , Co          , Ggf         , Gg          , Gg          , Gg          , Gg          , Ggf         , Wwf         , Ww          , Wo^Bw\      , Ww^Bw\      , Rr          , Rr          , Ha          , Wo          , Wwf         , Wwf         , Gg          , Ggf         , Ms          , Ha          , Gg          , Gg          , Gg          , Gg          , Gg          , Rp          , Hh          
Ss          , Hh          , Gg          , Ggf         , Re          , Ss          , Hh^Uf       , Mm^Xm       , Mm^Xm       , Gg          , Re          , Re^Uf       , Gs^Fp       , Gg          , Rr          , Ww          , Wo          , Xu          , Wo          , Ww^Bw\      , Ww^Bw\      , Wwr         , Ww          , Wwf         , Ss^Vhs      , Gg          , Ggf         , Aa^Fpa      , Re          , Gg          , Gg^Vo       , Gg          , Gg          , Ggf         , Ggf         , Rp          
Ss          , Gg          , Gg          , Gg          , Re          , Gg          , Gg          , Hh          , Gg          , Gg          , Gg          , Gg^Vo       , Wwf         , Gg          , Wwf         , Ww          , Wo          , Uu^Uf       , Wo          , Wwr         , Wo          , Wo^Bw\      , Ww^Bw\      , Wwf         , Gg          , Gg          , Ggf         , Aa          , Aa          , Gg          , Gg          , Gg          , Gg          , Hh          , Gg          , Gg          
Hh          , Gg          , Hh^Fp       , Hh^Vo       , Re          , Ggf         , Gg          , Ggf         , Gg          , Gg          , Ggf         , Gg          , Hh          , Wwf         , Ww          , Ww          , Wwr         , Xu          , Xu          , Wwf         , Xu          , Wo          , Ww          , Wwf^Bw\     , Rp          , Ggf         , Gg          , Ha^Fpa      , Gg          , Rd          , Ggf         , Gg          , Hh          , Hh^Fp       , Gs^Fp       , Gg          
Gs^Fp       , Hh          , Hh          , Gg          , Re          , Gg          , Gg          , Hh          , Hh^Fp       , Gg          , Ggf         , Gg          , Gs^Fp       , Wwf         , Ww          , Wo          , Xu          , Xu          , Uh          , Uu^Uf       , Xu          , Xu          , Ww          , Wwf         , Gg          , Rp          , Rp          , Gg          , Gg          , Gg          , Gg          , Rp          , Gs^Fp       , Mm^Xm       , Mm^Xm       , Hh          
Hh^Fp       , Gs^Fp       , Gg          , Gg          , Re          , Gg          , Hh          , Co          , Gg          , Gg          , Gg          , Gg          , Ww          , Ww          , Wo          , Wo          , Uu^Uf       , Cud         , Uu^Uf       , Wo          , Wo          , Wo          , Ww          , Gg          , Ggf         , Rp          , Hh^Fp       , Hh          , Gg          , Ggf         , Rp          , Hh          , Hh          , Mm          , Mm^Xm       , Hh^Fp       
Mm^Xm       , Hh^Fp       , Gg          , Gg          , Re          , Gs^Fp       , Hh          , Rd          , Gg          , Gg          , Ss^Vhs      , Wwf         , Ww          , Wo          , Uu^Uf       , Wwr         , Xu          , Wo          , Wwr         , Wo          , Ww          , Ww          , Re          , Gg          , Rp          , Rp          , Gg^Vo       , Gg          , Gg          , Gg          , Gs^Fp       , Gs^Fp       , Mm          , Mm^Xm       , Mm^Xm       , Mm^Xm       
Mm^Xm       , Hh          , Hh          , Gs^Fp       , Gg^Vh       , Re          , Re          , Gg          , Ggf         , Gg          , Wwf         , Wwr         , Wo          , Wo          , Xu          , Xu          , Wo          , Wo          , Ww          , Ww          , Gg          , Ggf         , Gg          , Gs^Fp       , Rp          , Gg          , Gg          , Gg          , Ggf         , Gs^Fp       , Hh^Fp       , Hh^Fp       , Mm          , Mm^Xm       , Mm^Xm       , Mm^Xm       
Mm^Xm       , Mm          , Hh          , Hh^Fp       , Gs^Fp       , Gg          , Re          , Gg          , Gg          , Gg          , Wwf         , Wwf         , Ww          , Wo          , Wo          , Wo          , Wo          , Ww          , Wwf         , Chw         , Chr         , Gg          , Gg          , Rp          , Re^Uf       , Gg          , Hh          , Gg          , Re          , Gs^Fp       , Gs^Fp       , Hh^Fp       , Mm          , Mm^Xm       , Mm^Xm       , Mm^Xm       
Mm^Xm       , Mm^Xm       , Mm          , Ss          , Hh^Fp       , Hh          , Co          , Hh          , Gg          , Gg          , Ggf         , Wwf         , Wwf         , Ww          , Ww          , Ww          , Ww          , Ww          , Wwf         , Wwf         , 1 Khw       , Chr         , Chr         , Rp          , Chr         , Hh          , Hh          , Re          , Re^Gvs      , Re^Gvs      , Gs^Fp       , Gs^Fp       , Mm          , Mm^Xm       , Mm^Xm       , Mm^Xm       
Mm^Xm       , Mm^Xm       , Mm^Xm       , Hh          , Dd          , Gs^Fp       , Gs^Fp       , Co          , Co          , Gg          , Hh          , Gg          , Gg          , Gs^Fp       , Gs^Fp       , Wwf         , Wwf         , Wwf         , Wwf         , Wwf         , Ss          , Ss^Bw|      , Ss          , Chr         , Gg          , Ggf         , Re          , Re^Gvs      , Gg^Vh       , Gs^Fp       , Hh^Fp       , Hh^Fp       , Mm          , Mm^Xm       , Mm^Xm       , Mm^Xm       
Mm^Xm       , Mm^Xm       , Mm^Xm       , Mm          , Hh          , Ss          , Ss          , Hh^Fp       , Gs^Fp       , Co          , Ko          , Hh          , Gg          , Gg          , Gg          , Gg          , Gg          , Wwf         , Ss          , Ss          , Ss          , Ss^Bw|      , Ss          , Ss          , Ss          , Gg          , Re          , Re^Gvs      , Re^Gvs      , Gs^Fp       , Gs^Fp       , Hh^Fp       , Mm          , Mm^Xm       , Mm^Xm       , Mm^Xm       
Mm^Xm       , Mm^Xm       , Mm^Xm       , Mm^Xm       , Mm^Xm       , Mm          , Mm          , Hh          , Ss^Vhs      , Hh^Fp       , Ss          , Co          , Re          , Gg          , Gg          , Gg^Vo       , Gg          , Gg          , Gg          , Ss          , Ss          , Ss^Vm       , Ss          , Ss          , Ss          , Gs^Fp       , Gs^Fp       , Gs^Fp       , Hh^Fp       , Re^Gvs      , Hh^Fp       , Hh^Fp       , Mm          , Mm^Xm       , Mm^Xm       , Mm^Xm       
Mm^Xm       , Mm^Xm       , Mm^Xm       , Mm^Xm       , Mm^Xm       , Mm^Xm       , Mm^Xm       , Hh          , Mm          , Hh          , Hh          , Hh          , Hh          , Re          , Re          , Gg          , Gg          , Gg          , Gs^Fp       , Gs^Fp       , Ss          , Ss          , Ss          , Gs^Fp       , Ss          , Ss          , Ss          , Gs^Fp       , Gs^Fp       , Hh^Fp       , Mm          , Mm          , Mm^Xm       , Mm^Xm       , Mm^Xm       , Mm^Xm       
Mm^Xm       , Mm^Xm       , Mm^Xm       , Mm^Xm       , Mm^Xm       , Mm^Xm       , Mm^Xm       , Mm^Xm       , Mm^Xm       , Mm^Xm       , Mm^Xm       , Mm          , Hh          , Hh          , Hh          , Re          , Hh          , Hh          , Hh          , Gs^Fp       , Gs^Fp       , Ss          , Ss          , Ss          , Ss          , Ss          , Ss          , Ss          , Gs^Fp       , Gs^Fp       , Mm          , Mm^Xm       , Mm          , Mm^Xm       , Mm^Xm       , Mm^Xm       
